#-----------------------------------------------------------
# Vivado v2018.2 (64-bit)
# SW Build 2258646 on Thu Jun 14 20:03:12 MDT 2018
# IP Build 2256618 on Thu Jun 14 22:10:49 MDT 2018
# Start of session at: Thu Nov 29 20:02:29 2018
# Process ID: 8576
# Current directory: E:/Xilinx_pro/MakeAComputer/thinpad_top
# Command line: vivado.exe -gui_launcher_event rodinguilauncherevent3320 E:\Xilinx_pro\MakeAComputer\thinpad_top\thinpad_top.xpr
# Log file: E:/Xilinx_pro/MakeAComputer/thinpad_top/vivado.log
# Journal file: E:/Xilinx_pro/MakeAComputer/thinpad_top\vivado.jou
#-----------------------------------------------------------
start_gui
open_project E:/Xilinx_pro/MakeAComputer/thinpad_top/thinpad_top.xpr
reset_run synth_1
launch_runs impl_1 -to_step write_bitstream -jobs 2
wait_on_run impl_1
launch_simulation
launch_simulation -mode post-synthesis -type functional
source tb.tcl
close_sim
launch_simulation -mode post-synthesis -type functional
source tb.tcl
close_sim
launch_simulation -mode post-synthesis -type functional
source tb.tcl
close_sim
launch_simulation -mode post-synthesis -type functional
source tb.tcl
close_sim
reset_run synth_1
launch_runs synth_1 -jobs 2
wait_on_run synth_1
close_design
launch_simulation -mode post-synthesis -type functional
source tb.tcl
reset_run synth_1
launch_runs synth_1 -jobs 2
wait_on_run synth_1
close_sim
close_design
launch_simulation -mode post-synthesis -type functional
source tb.tcl
reset_run synth_1
launch_runs synth_1 -jobs 2
wait_on_run synth_1
close_sim
close_design
launch_simulation -mode post-synthesis -type functional
source tb.tcl
reset_run synth_1
launch_runs synth_1 -jobs 2
wait_on_run synth_1
close_sim
close_design
launch_simulation -mode post-synthesis -type functional
source tb.tcl
reset_run synth_1
launch_runs synth_1 -jobs 2
wait_on_run synth_1
close_sim
close_design
launch_simulation -mode post-synthesis -type functional
source tb.tcl
launch_runs impl_1 -to_step write_bitstream -jobs 2
wait_on_run impl_1
close_sim
reset_run synth_1
launch_runs impl_1 -to_step write_bitstream -jobs 2
wait_on_run impl_1
reset_run synth_1
launch_runs impl_1 -to_step write_bitstream -jobs 2
wait_on_run impl_1
reset_run synth_1
launch_runs synth_1 -jobs 2
wait_on_run synth_1
close_design
launch_simulation -mode post-synthesis -type functional
source tb.tcl
reset_run synth_1
launch_runs synth_1 -jobs 2
wait_on_run synth_1
close_sim
launch_runs impl_1 -jobs 2
wait_on_run impl_1
close_design
launch_simulation -mode post-synthesis -type functional
source tb.tcl
reset_run synth_1
launch_runs synth_1 -jobs 2
wait_on_run synth_1
close_sim
close_design
launch_simulation -mode post-synthesis -type functional
source tb.tcl
launch_runs impl_1 -to_step write_bitstream -jobs 2
wait_on_run impl_1
reset_run synth_1
launch_runs impl_1 -to_step write_bitstream -jobs 2
wait_on_run impl_1
close_sim
close_design
close [ open E:/Xilinx_pro/MakeAComputer/thinpad_top/thinpad_top.srcs/sources_1/new/Memory.v w ]
add_files E:/Xilinx_pro/MakeAComputer/thinpad_top/thinpad_top.srcs/sources_1/new/Memory.v
